// Jest Snapshot v1, https://goo.gl/fbAQLP

exports[`ErrorBoundary component renders children if no errors 1`] = `"mockCildren"`;

exports[`ErrorBoundary component renders error message if error is happen 1`] = `
<h1>
  Something went wrong.
</h1>
`;
