// Jest Snapshot v1, https://goo.gl/fbAQLP

exports[`InfoPanel component matches to snapshot 1`] = `
<header
  className="row page-header"
>
  <div
    className="title-block"
  >
    <h1
      className="title"
    >
      netflixroulette
    </h1>
    <a
      href="/"
      onClick={[Function]}
    >
      <button
        className="btn"
      >
        Search
      </button>
    </a>
  </div>
  <div
    className="info-panel"
  >
    <div
      className="info-panel__cover"
    >
      <img
        src="mockPath"
      />
    </div>
    <div
      className="info-panel__text"
    >
      <h2>
         
        <span>
          mockVote
        </span>
      </h2>
      <div
        className="additional-info"
      >
        <span
          className="year"
        >
          mockDate
        </span>
        <span
          className="time"
        >
          mockRuntime
           min
        </span>
      </div>
      <div
        className="description"
      >
        mockOverview
      </div>
    </div>
  </div>
</header>
`;
